▸ 1/3  next build (statische export → web/out)
▲ Next.js 16.2.7 (Turbopack)

  Creating an optimized production build ...
✓ Compiled successfully in 1117ms
  Running TypeScript ...
  Finished TypeScript in 1183ms ...
  Collecting page data using 9 workers ...
  Generating static pages using 9 workers (0/67638) ...
  Generating static pages using 9 workers (16909/67638) 
  Generating static pages using 9 workers (33818/67638) 
  Generating static pages using 9 workers (50728/67638) 
✓ Generating static pages using 9 workers (67638/67638) in 82s
  Finalizing page optimization ...

Route (app)
┌ ○ /
├ ○ /_not-found
├ ○ /3d-sfeerimpressie
├ ● /aannemer/[[...slug]]
│ ├ /aannemer/aarle-rixtel
│ ├ /aannemer/akersloot
│ ├ /aannemer/albergen
│ └ [+4740 more paths]
├ ● /badkamer/[[...slug]]
│ ├ /badkamer/aalsmeer
│ ├ /badkamer/aalten
│ ├ /badkamer/alblasserdam
│ └ [+2383 more paths]
├ ○ /bouwvergunning
├ ● /bouwvergunning/[slug]
│ ├ /bouwvergunning/aanbouw
│ ├ /bouwvergunning/bestemmingsplan-omgevingsplan
│ ├ /bouwvergunning/bezwaar
│ └ [+21 more paths]
├ ● /dakkapel/[[...slug]]
│ ├ /dakkapel/aalten
│ ├ /dakkapel/almelo
│ ├ /dakkapel/almere
│ └ [+1724 more paths]
├ ○ /eerlijke-prijzen
├ ● /elektricien/[[...slug]]
│ ├ /elektricien/aalten
│ ├ /elektricien/albergen
│ ├ /elektricien/alblasserdam
│ └ [+3910 more paths]
├ ○ /functies
├ ○ /gereedschap-lenen
├ ● /gereedschap-lenen/[slug]
│ ├ /gereedschap-lenen/spiegel-ophangen
│ ├ /gereedschap-lenen/tv-ophangen
│ ├ /gereedschap-lenen/gordijnrails-ophangen
│ └ [+4 more paths]
├ ● /gietvloer/[[...slug]]
│ ├ /gietvloer/alkmaar
│ ├ /gietvloer/almere
│ ├ /gietvloer/amsterdam
│ └ [+679 more paths]
├ ● /kopen/[[...slug]]
│ ├ /kopen/binnendeuren/glazen-binnendeur/aa-en-hunze
│ ├ /kopen/binnendeuren/glazen-binnendeur/aalten
│ ├ /kopen/binnendeuren/glazen-binnendeur/alblasserdam
│ └ [+33011 more paths]
├ ○ /kortingscode
├ ● /kortingscode/[slug]
│ ├ /kortingscode/2tec2
│ ├ /kortingscode/4-design
│ ├ /kortingscode/4x6-sofa
│ └ [+519 more paths]
├ ● /loodgieter/[[...slug]]
│ ├ /loodgieter/aalten
│ ├ /loodgieter/aarle-rixtel
│ ├ /loodgieter/alblasserdam
│ └ [+5414 more paths]
├ ○ /nieuwbouw-project
├ ● /nieuwbouw-project/[slug]
│ ├ /nieuwbouw-project/de-suikerzijde-groningen
│ ├ /nieuwbouw-project/volharding-marum
│ ├ /nieuwbouw-project/condorpark-apeldoorn
│ └ /nieuwbouw-project/haarlemszicht-haarlem
├ ○ /prijzen
├ ● /project/[[...slug]]
│ ├ /project/aanbouw-realiseren/aa-en-hunze
│ ├ /project/aanbouw-realiseren/aalten
│ ├ /project/aanbouw-realiseren/alblasserdam
│ └ [+5638 more paths]
├ ● /schilder/[[...slug]]
│ ├ /schilder/aalten
│ ├ /schilder/akersloot
│ ├ /schilder/alblasserdam
│ └ [+5785 more paths]
├ ● /stukadoor/[[...slug]]
│ ├ /stukadoor/aalten
│ ├ /stukadoor/aarle-rixtel
│ ├ /stukadoor/alkmaar
│ └ [+3412 more paths]
├ ○ /vouchers
├ ○ /wonen-in
└ ● /wonen-in/[slug]
  ├ /wonen-in/amsterdam
  ├ /wonen-in/rotterdam
  ├ /wonen-in/utrecht
  └ [+339 more paths]


○  (Static)  prerendered as static content
●  (SSG)     prerendered as static HTML (uses generateStaticParams)

▸ 2/3  RSC-prefetch-payloads opruimen (__next*.txt/index.txt per route)
▸ 3/3  overlay bestaande statische site (Next-pagina's blijven behouden)
✓ klaar — web/out bevat de volledige site (Next + bestaand)
BUILD_EXIT=0
